[demo.acmethemes.com/construction-field-pro/index.html]
[backblue.gif]
[fade.gif]
[index.html]
[demo.acmethemes.com/construction-field-pro/feed/index.html]
[demo.acmethemes.com/construction-field-pro/comments/feed/index.html]
[demo.acmethemes.com/construction-field-pro/wp-content/themes/construction-field-pro/assets/img/bobcat.jpg]
[demo.acmethemes.com/construction-field-pro/wp-includes/js/jquery/jqueryb8ff.js]
[demo.acmethemes.com/construction-field-pro/wp-includes/js/jquery/jquery-migrate.min330a.js]
[demo.acmethemes.com/construction-field-pro/xmlrpc0db0.php]
[demo.acmethemes.com/construction-field-pro/wp-json/index.html]
[demo.acmethemes.com/construction-field-pro/wp-includes/wlwmanifest.xml]
[demo.acmethemes.com/construction-field-pro/wp-json/oembed/1.0/embed90b7.json]
[demo.acmethemes.com/construction-field-pro/wp-json/oembed/1.0/embed31c0]
[demo.acmethemes.com/construction-field-pro/wp-content/uploads/2018/04/constructionfield-pro-logo.gif]
[demo.acmethemes.com/construction-field-pro/about/index.html]
[demo.acmethemes.com/construction-field-pro/wp-content/uploads/2018/04/construction-worker-569126_1920.jpg]
[demo.acmethemes.com/construction-field-pro/contact/index.html]
[demo.acmethemes.com/construction-field-pro/wp-content/uploads/2018/04/construction-site-build-construction-work-159306.jpg]
[demo.acmethemes.com/construction-field-pro/blog/2018/04/24/hello-world/index.html]
[demo.acmethemes.com/construction-field-pro/wp-content/uploads/2018/04/construction-workers-921224_1920.jpg]
[demo.acmethemes.com/construction-field-pro/services/index.html]
[demo.acmethemes.com/construction-field-pro/wp-content/uploads/2018/04/light-house.jpg]
[demo.acmethemes.com/construction-field-pro/our-project/index.html]
[demo.acmethemes.com/construction-field-pro/wp-content/uploads/2018/04/glass-items-3339972_1920.jpg]
[demo.acmethemes.com/construction-field-pro/blog/index.html]
[demo.acmethemes.com/construction-field-pro/apartment-house/index.html]
[demo.acmethemes.com/construction-field-pro/wp-content/uploads/2018/04/glass-items-3339972_1920-1024x683.jpg]
[demo.acmethemes.com/construction-field-pro/architectural-design/index.html]
[demo.acmethemes.com/construction-field-pro/big-bugets-for-startup/index.html]
[demo.acmethemes.com/construction-field-pro/wp-content/uploads/2018/04/construction-site-3124294_1920-1.jpg]
[demo.acmethemes.com/construction-field-pro/civil-works/index.html]
[demo.acmethemes.com/construction-field-pro/wp-content/uploads/2018/04/construction-site-3124294_1920-1-1024x683.jpg]
[demo.acmethemes.com/construction-field-pro/electrical-systems/index.html]
[demo.acmethemes.com/construction-field-pro/wp-content/uploads/2018/04/park-2693078_1920.jpg]
[demo.acmethemes.com/construction-field-pro/general-contracting/index.html]
[demo.acmethemes.com/construction-field-pro/wp-content/uploads/2018/04/park-2693078_1920-1024x683.jpg]
[demo.acmethemes.com/construction-field-pro/wp-content/uploads/2018/04/construction.jpg]
[demo.acmethemes.com/construction-field-pro/wp-content/uploads/2018/04/construction-1024x683.jpg]
[demo.acmethemes.com/construction-field-pro/wp-content/uploads/2018/04/scaffold-3328434_1920.jpg]
[demo.acmethemes.com/construction-field-pro/wp-content/uploads/2018/04/scaffold-3328434_1920-1024x682.jpg]
[demo.acmethemes.com/construction-field-pro/wp-content/uploads/2018/04/light-house-1024x683.jpg]
[demo.acmethemes.com/construction-field-pro/wp-content/uploads/2018/04/architecture-3338007_1920.jpg]
[demo.acmethemes.com/construction-field-pro/wp-content/uploads/2018/04/architecture-3338007_1920-1024x683.jpg]
[demo.acmethemes.com/construction-field-pro/wp-content/uploads/2018/04/final-team-6.jpg]
[demo.acmethemes.com/construction-field-pro/wp-content/uploads/2018/04/final-team-5.jpg]
[demo.acmethemes.com/construction-field-pro/wp-content/uploads/2018/04/final-team-4.jpg]
[demo.acmethemes.com/construction-field-pro/wp-content/uploads/2018/04/final-team-7.jpg]
[demo.acmethemes.com/construction-field-pro/wp-content/uploads/2018/04/construction-1895879_1920.jpg]
[demo.acmethemes.com/construction-field-pro/wp-content/uploads/2018/04/final-team-8-150x150.jpg]
[demo.acmethemes.com/construction-field-pro/wp-content/uploads/2018/04/final-team-2-150x150.jpg]
[demo.acmethemes.com/construction-field-pro/jhon-doe/index.html]
[demo.acmethemes.com/construction-field-pro/wp-content/uploads/2018/04/manhattan-bridge-3337953_1920.jpg]
[demo.acmethemes.com/construction-field-pro/laurel-lance/index.html]
[demo.acmethemes.com/construction-field-pro/wp-content/uploads/2018/04/manhattan-bridge-3337953_1920-1024x683.jpg]
[demo.acmethemes.com/construction-field-pro/why-you-join/index.html]
[demo.acmethemes.com/construction-field-pro/wp-content/uploads/2018/04/road-3341140_1920.jpg]
[demo.acmethemes.com/construction-field-pro/give-back-to-community/index.html]
[demo.acmethemes.com/construction-field-pro/wp-content/uploads/2018/04/road-3341140_1920-1024x683.jpg]
[demo.acmethemes.com/construction-field-pro/meet-professionals/index.html]
[demo.acmethemes.com/construction-field-pro/wp-content/uploads/2018/04/tunnel.jpg]
[demo.acmethemes.com/construction-field-pro/wp-content/uploads/2018/04/tunnel-1024x683.jpg]
[demo.acmethemes.com/construction-field-pro/wp-content/uploads/2018/04/construction-site-build-construction-work-159306-1024x683.jpg]
[demo.acmethemes.com/construction-field-pro/wp-content/uploads/2018/04/pexels-photo-960761-1024x683.jpg]
[demo.acmethemes.com/construction-field-pro/wp-content/uploads/2018/04/pexels-photo-914931-1024x683.jpg]
[demo.acmethemes.com/construction-field-pro/wp-content/uploads/2018/04/logo1.png]
[demo.acmethemes.com/construction-field-pro/wp-content/uploads/2018/04/logo2.png]
[demo.acmethemes.com/construction-field-pro/wp-content/uploads/2018/04/logo3.png]
[demo.acmethemes.com/construction-field-pro/wp-content/uploads/2018/04/logo5.png]
[demo.acmethemes.com/construction-field-pro/wp-content/uploads/2018/04/logo4.png]
[demo.acmethemes.com/construction-field-pro/wp-content/plugins/contact-form-7/includes/js/scripts3c21.js]
[demo.acmethemes.com/construction-field-pro/blog/category/blog/index.html]
[demo.acmethemes.com/construction-field-pro/blog/category/bridge/index.html]
[demo.acmethemes.com/construction-field-pro/wp-content/themes/construction-field-pro/assets/library/slick/slick.mincfa9.js]
[demo.acmethemes.com/construction-field-pro/blog/category/building/index.html]
[demo.acmethemes.com/construction-field-pro/wp-content/themes/construction-field-pro/acmethemes/core/js/skip-link-focus-fix08e0.js]
[demo.acmethemes.com/construction-field-pro/blog/category/road/index.html]
[demo.acmethemes.com/construction-field-pro/blog/category/tunnel/index.html]
[demo.acmethemes.com/construction-field-pro/wp-content/themes/construction-field-pro/assets/library/bootstrap/js/bootstrap.mine485.js]
[demo.acmethemes.com/construction-field-pro/blog/category/uncategorized/index.html]
[demo.acmethemes.com/construction-field-pro/wp-content/themes/construction-field-pro/assets/library/wow/js/wow.mincfa9.js]
[demo.acmethemes.com/construction-field-pro/wp-content/themes/construction-field-pro/assets/library/magnific-popup/jquery.magnific-popup.minf488.js]
[demo.acmethemes.com/construction-field-pro/wp-content/themes/construction-field-pro/assets/library/isotop/isotope.pkgd41fe.js]
[demo.acmethemes.com/construction-field-pro/wp-includes/js/imagesloaded.min55a0.js]
[demo.acmethemes.com/construction-field-pro/wp-includes/js/masonry.mind617.js]
[demo.acmethemes.com/construction-field-pro/wp-content/themes/construction-field-pro/assets/js/construction-field-custom97de.js]
[demo.acmethemes.com/construction-field-pro/wp-includes/js/wp-embed.mince52.js]
[demo.acmethemes.com/construction-field-pro/index.html]
[demo.acmethemes.com/construction-field-pro/wp-includes/css/dist/block-library/style.mince52.css]
[demo.acmethemes.com/construction-field-pro/wp-content/plugins/contact-form-7/images/ajax-loader.gif]
[demo.acmethemes.com/construction-field-pro/wp-content/plugins/contact-form-7/includes/css/styles3c21.css]
[demo.acmethemes.com/construction-field-pro/wp-content/themes/construction-field-pro/assets/library/bootstrap/fonts/glyphicons-halflings-regular.eot]
[demo.acmethemes.com/construction-field-pro/wp-content/themes/construction-field-pro/assets/library/bootstrap/fonts/glyphicons-halflings-regulard41d.eot]
[demo.acmethemes.com/construction-field-pro/wp-content/themes/construction-field-pro/assets/library/bootstrap/fonts/glyphicons-halflings-regular.woff]
[demo.acmethemes.com/construction-field-pro/wp-content/themes/construction-field-pro/assets/library/bootstrap/fonts/glyphicons-halflings-regular.ttf]
[demo.acmethemes.com/construction-field-pro/wp-content/themes/construction-field-pro/assets/library/bootstrap/css/bootstrap.mine485.css]
[demo.acmethemes.com/construction-field-pro/wp-content/themes/construction-field-pro/assets/library/Font-Awesome/fonts/fontawesome-webfont3e6e.eot]
[demo.acmethemes.com/construction-field-pro/wp-content/themes/construction-field-pro/assets/library/Font-Awesome/fonts/fontawesome-webfontd41d.eot]
[demo.acmethemes.com/construction-field-pro/wp-content/themes/construction-field-pro/assets/library/Font-Awesome/fonts/fontawesome-webfont3e6e.woff]
[demo.acmethemes.com/construction-field-pro/wp-content/themes/construction-field-pro/assets/library/Font-Awesome/fonts/fontawesome-webfont3e6e.ttf]
[demo.acmethemes.com/construction-field-pro/wp-content/themes/construction-field-pro/assets/library/Font-Awesome/css/font-awesome.min268f.css]
[demo.acmethemes.com/construction-field-pro/wp-content/themes/construction-field-pro/assets/library/slick/slick3ba1.css]
[demo.acmethemes.com/construction-field-pro/wp-content/themes/construction-field-pro/assets/library/magnific-popup/magnific-popupf488.css]
[demo.acmethemes.com/construction-field-pro/wp-content/themes/construction-field-pro/stylece52.css]
[demo.acmethemes.com/construction-field-pro/wp-json/oembed/1.0/embed7499.json]
[demo.acmethemes.com/construction-field-pro/wp-json/oembed/1.0/embed65bc]
[demo.acmethemes.com/construction-field-pro/wp-content/uploads/2018/04/headerimage.jpg]
[demo.acmethemes.com/construction-field-pro/about/index.html]
[demo.acmethemes.com/construction-field-pro/wp-json/oembed/1.0/embed4109.json]
[demo.acmethemes.com/construction-field-pro/wp-json/oembed/1.0/embed069d]
[demo.acmethemes.com/construction-field-pro/contact/index.html]
[demo.acmethemes.com/construction-field-pro/wp-json/oembed/1.0/embed98c5.json]
[demo.acmethemes.com/construction-field-pro/blog/2018/04/24/hello-world/feed/index.html]
[demo.acmethemes.com/construction-field-pro/blog/2018/04/24/industrial-building/index.html]
[demo.acmethemes.com/construction-field-pro/wp-json/oembed/1.0/embedb450]
[demo.acmethemes.com/construction-field-pro/wp-login.html]
[demo.acmethemes.com/construction-field-pro/blog/2018/index.html]
[demo.acmethemes.com/construction-field-pro/blog/2018/04/index.html]
[demo.acmethemes.com/construction-field-pro/wp-includes/js/comment-reply.mince52.js]
[demo.acmethemes.com/construction-field-pro/blog/2018/04/24/hello-world/index.html]
[demo.acmethemes.com/construction-field-pro/blog/2018/04/24/index.html]
[demo.acmethemes.com/construction-field-pro/blog/author/constructionfieldpro/index.html]
[demo.acmethemes.com/construction-field-pro/blog/2018/04/24/hello-world/index6809.html]
[demo.acmethemes.com/construction-field-pro/blog/2018/04/24/caring-for-construction/index.html]
[demo.acmethemes.com/construction-field-pro/blog/2018/04/24/young-engineers/index.html]
[demo.acmethemes.com/construction-field-pro/wp-json/oembed/1.0/embed305c.json]
[demo.acmethemes.com/construction-field-pro/blog/2018/04/24/prepare-for-room-painting/index.html]
[demo.acmethemes.com/construction-field-pro/blog/2018/04/24/top-building-in-dubai/index.html]
[demo.acmethemes.com/construction-field-pro/blog/2018/04/24/long-bridge/index.html]
[demo.acmethemes.com/construction-field-pro/wp-json/oembed/1.0/embed2266]
[demo.acmethemes.com/construction-field-pro/services/index.html]
[demo.acmethemes.com/construction-field-pro/wp-json/oembed/1.0/embed7e26.json]
[demo.acmethemes.com/construction-field-pro/wp-json/oembed/1.0/embed4bc6]
[demo.acmethemes.com/construction-field-pro/our-project/index.html]
[demo.acmethemes.com/construction-field-pro/wp-content/uploads/2018/04/pexels-photo-960761.jpg]
[demo.acmethemes.com/construction-field-pro/wp-content/uploads/2018/04/pexels-photo-914931.jpg]
[demo.acmethemes.com/construction-field-pro/blog/index.html]
[demo.acmethemes.com/construction-field-pro/blog/2018/04/24/highway/index.html]
[demo.acmethemes.com/construction-field-pro/blog/2018/04/24/tunnel/index.html]
[demo.acmethemes.com/construction-field-pro/wp-json/oembed/1.0/embed82cd.json]
[demo.acmethemes.com/construction-field-pro/blog/2018/04/24/skyscapper/index.html]
[demo.acmethemes.com/construction-field-pro/wp-json/oembed/1.0/embedc6a7]
[demo.acmethemes.com/construction-field-pro/apartment-house/index.html]
[demo.acmethemes.com/construction-field-pro/wp-json/oembed/1.0/embed5318.json]
[demo.acmethemes.com/construction-field-pro/wp-json/oembed/1.0/embedf774]
[demo.acmethemes.com/construction-field-pro/architectural-design/index.html]
[demo.acmethemes.com/construction-field-pro/wp-json/oembed/1.0/embed1d26.json]
[demo.acmethemes.com/construction-field-pro/wp-json/oembed/1.0/embed6566]
[demo.acmethemes.com/construction-field-pro/big-bugets-for-startup/index.html]
[demo.acmethemes.com/construction-field-pro/wp-json/oembed/1.0/embeda8cc.json]
[demo.acmethemes.com/construction-field-pro/wp-json/oembed/1.0/embedea9f]
[demo.acmethemes.com/construction-field-pro/civil-works/index.html]
[demo.acmethemes.com/construction-field-pro/wp-json/oembed/1.0/embed7ab1.json]
[demo.acmethemes.com/construction-field-pro/wp-json/oembed/1.0/embed21c1]
[demo.acmethemes.com/construction-field-pro/electrical-systems/index.html]
[demo.acmethemes.com/construction-field-pro/wp-json/oembed/1.0/embed7e49.json]
[demo.acmethemes.com/construction-field-pro/wp-json/oembed/1.0/embed54c3]
[demo.acmethemes.com/construction-field-pro/general-contracting/index.html]
[demo.acmethemes.com/construction-field-pro/wp-content/uploads/2018/04/construction-site-build-construction-work-159306.jpg]
[demo.acmethemes.com/construction-field-pro/wp-content/uploads/2018/04/construction-workers-921224_1920.jpg]
[demo.acmethemes.com/construction-field-pro/wp-content/uploads/2018/04/light-house.jpg]
[demo.acmethemes.com/construction-field-pro/wp-content/uploads/2018/04/park-2693078_1920.jpg]
[demo.acmethemes.com/construction-field-pro/wp-json/oembed/1.0/embedc00e.json]
[demo.acmethemes.com/construction-field-pro/wp-json/oembed/1.0/embedb4a4]
[demo.acmethemes.com/construction-field-pro/jhon-doe/index.html]
[demo.acmethemes.com/construction-field-pro/wp-json/oembed/1.0/embed1f75.json]
[demo.acmethemes.com/construction-field-pro/wp-json/oembed/1.0/embed95b4]
[demo.acmethemes.com/construction-field-pro/laurel-lance/index.html]
[demo.acmethemes.com/construction-field-pro/wp-json/oembed/1.0/embed29f5.json]
[demo.acmethemes.com/construction-field-pro/wp-json/oembed/1.0/embed4582]
[demo.acmethemes.com/construction-field-pro/why-you-join/index.html]
[demo.acmethemes.com/construction-field-pro/wp-json/oembed/1.0/embed2c92.json]
[demo.acmethemes.com/construction-field-pro/wp-json/oembed/1.0/embed4171]
[demo.acmethemes.com/construction-field-pro/give-back-to-community/index.html]
[demo.acmethemes.com/construction-field-pro/wp-json/oembed/1.0/embed9dc6.json]
[demo.acmethemes.com/construction-field-pro/wp-json/oembed/1.0/embed4301]
[demo.acmethemes.com/construction-field-pro/meet-professionals/index.html]
[demo.acmethemes.com/construction-field-pro/blog/category/blog/index.html]
[demo.acmethemes.com/construction-field-pro/blog/category/bridge/index.html]
[demo.acmethemes.com/construction-field-pro/blog/category/building/index.html]
[demo.acmethemes.com/construction-field-pro/blog/category/blog/feed/index.html]
[demo.acmethemes.com/construction-field-pro/blog/category/bridge/feed/index.html]
[demo.acmethemes.com/construction-field-pro/blog/category/building/feed/index.html]
[demo.acmethemes.com/construction-field-pro/blog/category/road/index.html]
[demo.acmethemes.com/construction-field-pro/blog/category/tunnel/index.html]
[demo.acmethemes.com/construction-field-pro/blog/category/uncategorized/index.html]
[demo.acmethemes.com/construction-field-pro/blog/category/road/feed/index.html]
[demo.acmethemes.com/construction-field-pro/blog/category/tunnel/feed/index.html]
[demo.acmethemes.com/construction-field-pro/blog/category/uncategorized/feed/index.html]
[demo.acmethemes.com/construction-field-pro/wp-content/themes/construction-field-pro/assets/library/bootstrap/fonts/glyphicons-halflings-regular.html]
[demo.acmethemes.com/construction-field-pro/wp-content/themes/construction-field-pro/assets/library/bootstrap/fonts/glyphicons-halflings-regular.svg]
[demo.acmethemes.com/construction-field-pro/wp-content/themes/construction-field-pro/assets/library/Font-Awesome/fonts/fontawesome-webfont3e6e.html]
[demo.acmethemes.com/construction-field-pro/wp-content/themes/construction-field-pro/assets/library/Font-Awesome/fonts/fontawesome-webfont3e6e.svg]
[demo.acmethemes.com/construction-field-pro/wp-content/plugins/siteorigin-panels/css/front-flex.minc867.css]
[demo.acmethemes.com/construction-field-pro/index970c.html]
[demo.acmethemes.com/construction-field-pro/index1c4a.html]
[demo.acmethemes.com/construction-field-pro/wp-content/themes/construction-field-pro/assets/img/bobcat.jpg]
[demo.acmethemes.com/construction-field-pro/wp-json/oembed/1.0/embed5297.json]
[demo.acmethemes.com/construction-field-pro/blog/2018/04/24/industrial-building/feed/index.html]
[demo.acmethemes.com/construction-field-pro/wp-json/oembed/1.0/embeda942]
[demo.acmethemes.com/construction-field-pro/blog/2018/04/24/industrial-building/index.html]
[demo.acmethemes.com/construction-field-pro/indexcff1.html]
[demo.acmethemes.com/construction-field-pro/xmlrpc.php]
[demo.acmethemes.com/construction-field-pro/blog/2018/index.html]
[demo.acmethemes.com/construction-field-pro/blog/2018/04/index.html]
[demo.acmethemes.com/construction-field-pro/blog/2018/04/24/index.html]
[demo.acmethemes.com/construction-field-pro/blog/author/constructionfieldpro/index.html]
[demo.acmethemes.com/construction-field-pro/blog/2018/04/24/hello-world/index6809.html]
[demo.acmethemes.com/construction-field-pro/blog/author/constructionfieldpro/feed/index.html]
[demo.acmethemes.com/construction-field-pro/wp-json/oembed/1.0/embed7105.json]
[demo.acmethemes.com/construction-field-pro/blog/2018/04/24/caring-for-construction/feed/index.html]
[demo.acmethemes.com/construction-field-pro/wp-json/oembed/1.0/embed0ed3]
[demo.acmethemes.com/construction-field-pro/blog/2018/04/24/caring-for-construction/index.html]
[demo.acmethemes.com/construction-field-pro/wp-json/oembed/1.0/embedba9d.json]
[demo.acmethemes.com/construction-field-pro/blog/2018/04/24/young-engineers/feed/index.html]
[demo.acmethemes.com/construction-field-pro/wp-json/oembed/1.0/embed89d0]
[demo.acmethemes.com/construction-field-pro/blog/2018/04/24/young-engineers/index.html]
[demo.acmethemes.com/construction-field-pro/wp-json/oembed/1.0/embedf121.json]
[demo.acmethemes.com/construction-field-pro/blog/2018/04/24/prepare-for-room-painting/feed/index.html]
[demo.acmethemes.com/construction-field-pro/wp-json/oembed/1.0/embed8a8a]
[demo.acmethemes.com/construction-field-pro/blog/2018/04/24/prepare-for-room-painting/index.html]
[demo.acmethemes.com/construction-field-pro/wp-json/oembed/1.0/embed8345.json]
[demo.acmethemes.com/construction-field-pro/blog/2018/04/24/top-building-in-dubai/feed/index.html]
[demo.acmethemes.com/construction-field-pro/wp-json/oembed/1.0/embedd44f]
[demo.acmethemes.com/construction-field-pro/blog/2018/04/24/top-building-in-dubai/index.html]
[demo.acmethemes.com/construction-field-pro/wp-json/oembed/1.0/embedc5c2.json]
[demo.acmethemes.com/construction-field-pro/blog/2018/04/24/long-bridge/feed/index.html]
[demo.acmethemes.com/construction-field-pro/wp-json/oembed/1.0/embedf67a]
[demo.acmethemes.com/construction-field-pro/blog/2018/04/24/long-bridge/index.html]
[demo.acmethemes.com/construction-field-pro/wp-loginc2b6.html]
[demo.acmethemes.com/construction-field-pro/wp-login.html]
[demo.acmethemes.com/construction-field-pro/index9cd7.html]
[demo.acmethemes.com/construction-field-pro/indexfbc5.html]
[demo.acmethemes.com/construction-field-pro/blog/2018/04/24/highway/feed/index.html]
[demo.acmethemes.com/construction-field-pro/wp-json/oembed/1.0/embed8907.json]
[demo.acmethemes.com/construction-field-pro/wp-json/oembed/1.0/embedeca1]
[demo.acmethemes.com/construction-field-pro/blog/2018/04/24/highway/index.html]
[demo.acmethemes.com/construction-field-pro/blog/2018/04/24/tunnel/feed/index.html]
[demo.acmethemes.com/construction-field-pro/wp-json/oembed/1.0/embed8554.json]
[demo.acmethemes.com/construction-field-pro/blog/2018/04/24/tunnel/index.html]
[demo.acmethemes.com/construction-field-pro/blog/2018/04/24/skyscapper/index.html]
[demo.acmethemes.com/construction-field-pro/index3961.html]
[demo.acmethemes.com/construction-field-pro/index3fbb.html]
[demo.acmethemes.com/construction-field-pro/indexe6f0.html]
[demo.acmethemes.com/construction-field-pro/index36d4.html]
[demo.acmethemes.com/construction-field-pro/index5cfa.html]
[demo.acmethemes.com/construction-field-pro/index287b.html]
[demo.acmethemes.com/construction-field-pro/index86fa.html]
[demo.acmethemes.com/construction-field-pro/indexb4d2.html]
[demo.acmethemes.com/construction-field-pro/indexee5b.html]
[demo.acmethemes.com/construction-field-pro/index421d.html]
[demo.acmethemes.com/construction-field-pro/indexf488.html]
[demo.acmethemes.com/construction-field-pro/index8af0.html]
[demo.acmethemes.com/construction-field-pro/index9e8b.html]
[demo.acmethemes.com/construction-field-pro/index146c.html]
[demo.acmethemes.com/construction-field-pro/index7c2c.html]
[demo.acmethemes.com/construction-field-pro/indexccf8.html]
[demo.acmethemes.com/construction-field-pro/indexa09e.html]
[demo.acmethemes.com/construction-field-pro/wp-content/uploads/2018/04/construction-site-3124294_1920-1.jpg]
[demo.acmethemes.com/construction-field-pro/wp-includes/fonts/dashicons.eot]
[demo.acmethemes.com/construction-field-pro/wp-includes/css/dashicons.mince52.css]
[demo.acmethemes.com/construction-field-pro/wp-includes/css/buttons.mince52.css]
[demo.acmethemes.com/construction-field-pro/wp-admin/images/loading.gif]
[demo.acmethemes.com/construction-field-pro/wp-admin/css/forms.mince52.css]
[demo.acmethemes.com/construction-field-pro/wp-admin/css/l10n.mince52.css]
[demo.acmethemes.com/construction-field-pro/wp-admin/images/w-logo-blue7a53.png]
[demo.acmethemes.com/construction-field-pro/wp-admin/css/login.mince52.css]
[demo.acmethemes.com/construction-field-pro/wp-login78aa.html]
[demo.acmethemes.com/construction-field-pro/wp-admin/index.html]
[demo.acmethemes.com/construction-field-pro/wp-loginc2b6.html]
[demo.acmethemes.com/construction-field-pro/indexa828.html]
[demo.acmethemes.com/construction-field-pro/index3350.html]
[demo.acmethemes.com/construction-field-pro/index17d5.html]
[demo.acmethemes.com/construction-field-pro/wp-json/oembed/1.0/embedebc7]
[demo.acmethemes.com/construction-field-pro/blog/2018/04/24/skyscapper/feed/index.html]
[demo.acmethemes.com/construction-field-pro/wp-json/oembed/1.0/embedb811]
[demo.acmethemes.com/construction-field-pro/wp-json/oembed/1.0/embed0735]
[demo.acmethemes.com/construction-field-pro/wp-admin/images/wordpress-logo7d6b.svg]
[demo.acmethemes.com/construction-field-pro/wp-login78aa.html]
[demo.acmethemes.com/construction-field-pro/wp-admin/&reauth=1.html]
